[2026-09-19T11:36:21.602+0000] {taskinstance.py:1956} INFO - Dependencies all met for dep_context=non-requeueable deps ti=<TaskInstance: weather_risk_pipeline.load_postgres manual__2026-09-19T11:31:30.802700+00:00 [queued]>
[2026-09-19T11:36:21.613+0000] {taskinstance.py:1956} INFO - Dependencies all met for dep_context=requeueable deps ti=<TaskInstance: weather_risk_pipeline.load_postgres manual__2026-09-19T11:31:30.802700+00:00 [queued]>
[2026-09-19T11:36:21.614+0000] {taskinstance.py:2170} INFO - Starting attempt 1 of 4
[2026-09-19T11:36:21.630+0000] {taskinstance.py:2191} INFO - Executing <Task(PythonOperator): load_postgres> on 2026-09-19 11:31:30.802700+00:00
[2026-09-19T11:36:21.638+0000] {standard_task_runner.py:60} INFO - Started process 216 to run task
[2026-09-19T11:36:21.643+0000] {standard_task_runner.py:87} INFO - Running: ['***', 'tasks', 'run', 'weather_risk_pipeline', 'load_postgres', 'manual__2026-09-19T11:31:30.802700+00:00', '--job-id', '19', '--raw', '--subdir', 'DAGS_FOLDER/weather_pipeline_dag.py', '--cfg-path', '/tmp/tmpdrct_4w4']
[2026-09-19T11:36:21.645+0000] {standard_task_runner.py:88} INFO - Job 19: Subtask load_postgres
[2026-09-19T11:36:21.726+0000] {task_command.py:423} INFO - Running <TaskInstance: weather_risk_pipeline.load_postgres manual__2026-09-19T11:31:30.802700+00:00 [running]> on host dcd2de9e29a9
[2026-09-19T11:36:21.868+0000] {taskinstance.py:2480} INFO - Exporting env vars: AIRFLOW_CTX_DAG_OWNER='weather-project' AIRFLOW_CTX_DAG_ID='weather_risk_pipeline' AIRFLOW_CTX_TASK_ID='load_postgres' AIRFLOW_CTX_EXECUTION_DATE='2026-09-19T11:31:30.802700+00:00' AIRFLOW_CTX_TRY_NUMBER='1' AIRFLOW_CTX_DAG_RUN_ID='manual__2026-09-19T11:31:30.802700+00:00'
[2026-09-19T11:36:21.870+0000] {logging_mixin.py:188} INFO - Loading data into PostgreSQL...
[2026-09-19T11:36:21.871+0000] {taskinstance.py:2698} ERROR - Task failed with exception
Traceback (most recent call last):
  File "/home/airflow/.local/lib/python3.10/site-packages/airflow/models/taskinstance.py", line 433, in _execute_task
    result = execute_callable(context=context, **execute_callable_kwargs)
  File "/home/airflow/.local/lib/python3.10/site-packages/airflow/operators/python.py", line 199, in execute
    return_value = self.execute_callable()
  File "/home/airflow/.local/lib/python3.10/site-packages/airflow/operators/python.py", line 216, in execute_callable
    return self.python_callable(*self.op_args, **self.op_kwargs)
  File "/opt/airflow/dags/weather_pipeline_dag.py", line 33, in load_postgres
    load_postgres_data()
  File "/opt/airflow/load/load_postgres.py", line 16, in load_postgres
    engine = create_engine(db_url)
  File "<string>", line 2, in create_engine
  File "/home/airflow/.local/lib/python3.10/site-packages/sqlalchemy/util/deprecations.py", line 375, in warned
    return fn(*args, **kwargs)
  File "/home/airflow/.local/lib/python3.10/site-packages/sqlalchemy/engine/create.py", line 516, in create_engine
    u, plugins, kwargs = u._instantiate_plugins(kwargs)
AttributeError: 'NoneType' object has no attribute '_instantiate_plugins'
[2026-09-19T11:36:21.895+0000] {taskinstance.py:1138} INFO - Marking task as UP_FOR_RETRY. dag_id=weather_risk_pipeline, task_id=load_postgres, execution_date=20260919T113130, start_date=20260919T113621, end_date=20260919T113621
[2026-09-19T11:36:21.913+0000] {standard_task_runner.py:107} ERROR - Failed to execute job 19 for task load_postgres ('NoneType' object has no attribute '_instantiate_plugins'; 216)
[2026-09-19T11:36:21.935+0000] {local_task_job_runner.py:234} INFO - Task exited with return code 1
[2026-09-19T11:36:21.974+0000] {taskinstance.py:3280} INFO - 0 downstream tasks scheduled from follow-on schedule check
