[2026-09-19T11:22:31.855+0000] {taskinstance.py:1956} INFO - Dependencies all met for dep_context=non-requeueable deps ti=<TaskInstance: weather_risk_pipeline.extract_weather scheduled__2026-09-18T06:00:00+00:00 [queued]>
[2026-09-19T11:22:31.881+0000] {taskinstance.py:1956} INFO - Dependencies all met for dep_context=requeueable deps ti=<TaskInstance: weather_risk_pipeline.extract_weather scheduled__2026-09-18T06:00:00+00:00 [queued]>
[2026-09-19T11:22:31.881+0000] {taskinstance.py:2170} INFO - Starting attempt 1 of 4
[2026-09-19T11:22:31.919+0000] {taskinstance.py:2191} INFO - Executing <Task(PythonOperator): extract_weather> on 2026-09-18 06:00:00+00:00
[2026-09-19T11:22:31.931+0000] {standard_task_runner.py:60} INFO - Started process 113 to run task
[2026-09-19T11:22:31.940+0000] {standard_task_runner.py:87} INFO - Running: ['***', 'tasks', 'run', 'weather_risk_pipeline', 'extract_weather', 'scheduled__2026-09-18T06:00:00+00:00', '--job-id', '3', '--raw', '--subdir', 'DAGS_FOLDER/weather_pipeline_dag.py', '--cfg-path', '/tmp/tmpa6_xl0oa']
[2026-09-19T11:22:31.946+0000] {standard_task_runner.py:88} INFO - Job 3: Subtask extract_weather
[2026-09-19T11:22:32.111+0000] {task_command.py:423} INFO - Running <TaskInstance: weather_risk_pipeline.extract_weather scheduled__2026-09-18T06:00:00+00:00 [running]> on host 54c7a48ea7d3
[2026-09-19T11:22:32.364+0000] {taskinstance.py:2480} INFO - Exporting env vars: AIRFLOW_CTX_DAG_OWNER='weather-project' AIRFLOW_CTX_DAG_ID='weather_risk_pipeline' AIRFLOW_CTX_TASK_ID='extract_weather' AIRFLOW_CTX_EXECUTION_DATE='2026-09-18T06:00:00+00:00' AIRFLOW_CTX_TRY_NUMBER='1' AIRFLOW_CTX_DAG_RUN_ID='scheduled__2026-09-18T06:00:00+00:00'
[2026-09-19T11:22:32.366+0000] {logging_mixin.py:188} INFO - Extracting weather data...
[2026-09-19T11:22:32.384+0000] {taskinstance.py:2698} ERROR - Task failed with exception
Traceback (most recent call last):
  File "/home/airflow/.local/lib/python3.10/site-packages/airflow/models/taskinstance.py", line 433, in _execute_task
    result = execute_callable(context=context, **execute_callable_kwargs)
  File "/home/airflow/.local/lib/python3.10/site-packages/airflow/operators/python.py", line 199, in execute
    return_value = self.execute_callable()
  File "/home/airflow/.local/lib/python3.10/site-packages/airflow/operators/python.py", line 216, in execute_callable
    return self.python_callable(*self.op_args, **self.op_kwargs)
  File "/opt/airflow/dags/weather_pipeline_dag.py", line 18, in extract_weather
    extract_data()
  File "/opt/airflow/extraction/extract_weather.py", line 9, in extract_data
    with open("./opt/airflow/data/bronze/raw_data.jsonl","a") as file :
FileNotFoundError: [Errno 2] No such file or directory: './opt/airflow/data/bronze/raw_data.jsonl'
[2026-09-19T11:22:32.412+0000] {taskinstance.py:1138} INFO - Marking task as UP_FOR_RETRY. dag_id=weather_risk_pipeline, task_id=extract_weather, execution_date=20260918T060000, start_date=20260919T112231, end_date=20260919T112232
[2026-09-19T11:22:32.439+0000] {standard_task_runner.py:107} ERROR - Failed to execute job 3 for task extract_weather ([Errno 2] No such file or directory: './opt/airflow/data/bronze/raw_data.jsonl'; 113)
[2026-09-19T11:22:32.473+0000] {local_task_job_runner.py:234} INFO - Task exited with return code 1
[2026-09-19T11:22:32.531+0000] {taskinstance.py:3280} INFO - 0 downstream tasks scheduled from follow-on schedule check
[2026-09-19T12:00:12.031+0000] {taskinstance.py:1956} INFO - Dependencies all met for dep_context=non-requeueable deps ti=<TaskInstance: weather_risk_pipeline.extract_weather scheduled__2026-09-18T06:00:00+00:00 [queued]>
[2026-09-19T12:00:12.046+0000] {taskinstance.py:1956} INFO - Dependencies all met for dep_context=requeueable deps ti=<TaskInstance: weather_risk_pipeline.extract_weather scheduled__2026-09-18T06:00:00+00:00 [queued]>
[2026-09-19T12:00:12.046+0000] {taskinstance.py:2170} INFO - Starting attempt 1 of 4
[2026-09-19T12:00:12.067+0000] {taskinstance.py:2191} INFO - Executing <Task(PythonOperator): extract_weather> on 2026-09-18 06:00:00+00:00
[2026-09-19T12:00:12.075+0000] {standard_task_runner.py:60} INFO - Started process 48 to run task
[2026-09-19T12:00:12.081+0000] {standard_task_runner.py:87} INFO - Running: ['***', 'tasks', 'run', 'weather_risk_pipeline', 'extract_weather', 'scheduled__2026-09-18T06:00:00+00:00', '--job-id', '2', '--raw', '--subdir', 'DAGS_FOLDER/weather_pipeline_dag.py', '--cfg-path', '/tmp/tmprfh1ebrn']
[2026-09-19T12:00:12.085+0000] {standard_task_runner.py:88} INFO - Job 2: Subtask extract_weather
[2026-09-19T12:00:12.215+0000] {task_command.py:423} INFO - Running <TaskInstance: weather_risk_pipeline.extract_weather scheduled__2026-09-18T06:00:00+00:00 [running]> on host 16b92df6bfe8
[2026-09-19T12:00:12.400+0000] {taskinstance.py:2480} INFO - Exporting env vars: AIRFLOW_CTX_DAG_OWNER='weather-project' AIRFLOW_CTX_DAG_ID='weather_risk_pipeline' AIRFLOW_CTX_TASK_ID='extract_weather' AIRFLOW_CTX_EXECUTION_DATE='2026-09-18T06:00:00+00:00' AIRFLOW_CTX_TRY_NUMBER='1' AIRFLOW_CTX_DAG_RUN_ID='scheduled__2026-09-18T06:00:00+00:00'
[2026-09-19T12:00:12.402+0000] {logging_mixin.py:188} INFO - Extracting weather data...
[2026-09-19T12:00:52.631+0000] {logging_mixin.py:188} INFO - Timeout : Guelmim 
[2026-09-19T12:01:45.563+0000] {logging_mixin.py:188} INFO - Timeout : Tabount 
[2026-09-19T12:02:03.828+0000] {python.py:201} INFO - Done. Returned value was: None
[2026-09-19T12:02:03.852+0000] {taskinstance.py:1138} INFO - Marking task as SUCCESS. dag_id=weather_risk_pipeline, task_id=extract_weather, execution_date=20260918T060000, start_date=20260919T120012, end_date=20260919T120203
[2026-09-19T12:02:03.915+0000] {local_task_job_runner.py:234} INFO - Task exited with return code 0
[2026-09-19T12:02:03.956+0000] {taskinstance.py:3280} INFO - 1 downstream tasks scheduled from follow-on schedule check
